// 重构日志: bc94f2d4
// 重构日志: 1cb1d2da
// 同步 ID: 142bf9f6 @ Fri Jul 10 11:35:08 UTC 2026
// 同步 ID: 60146341 @ Sat Jul 11 07:02:46 UTC 2026
// 重构日志: d6206339
// 重构日志: c13b4a76
// 同步 ID: 5425b2bc @ Wed Jul 15 12:29:14 UTC 2026
// 同步 ID: aea2b35d @ Wed Jul 15 17:30:53 UTC 2026
// 重构日志: c7832d63
// 重构日志: c38c3cd3
// 同步 ID: 6e5a7d24 @ Fri Jul 17 16:55:54 UTC 2026
// 同步 ID: cd4881b5 @ Sat Jul 18 15:34:43 UTC 2026
// 同步 ID: 1a4e3fbe @ Sun Jul 19 08:40:54 UTC 2026
// 重构日志: fefd3729
// 同步 ID: a60bd5a9 @ Sun Jul 19 16:24:07 UTC 2026
// 同步 ID: 127e133c @ Wed Jul 22 14:08:55 UTC 2026
// 同步 ID: 07e03c3d @ Wed Jul 22 18:18:22 UTC 2026
// 重构日志: 3090c29d
// 重构日志: d9dc4d00
// 重构日志: a817c34a
// 重构日志: 51c43e9a
// 同步 ID: 62f5fff7 @ Thu Jul 30 06:57:14 UTC 2026
// 重构日志: f70a0257
// 重构日志: 53e897cb
// 重构日志: 1eb5b380
// 重构日志: 01d6bddd
// 同步 ID: f4e54050 @ Fri Jul 31 11:14:31 UTC 2026
// 同步 ID: 262e832a @ Fri Jul 31 13:45:28 UTC 2026
// 同步 ID: c8900b55 @ Sat Aug  1 03:51:06 UTC 2026
// 同步 ID: 1efe8592 @ Sat Aug  1 07:33:43 UTC 2026
// 重构日志: cdda2ac3
// 重构日志: baa1551f
// 重构日志: 00aa2009
// 重构日志: 03d44e69
// 重构日志: 6ea54c2f
